// Jest Snapshot v1, https://goo.gl/fbAQLP

exports[`The algorithm. Removes any duplicates: stroke with duplicates removed 1`] = `
Array [
  Array [
    4.132043648263005,
    0.2429563517369946,
  ],
  Array [
    30.16420402562993,
    27.33577690088374,
  ],
  Array [
    92.6251212600507,
    89.79669413530452,
  ],
  Array [
    101.41387023845503,
    98.58544311370885,
  ],
  Array [
    101.97503335727221,
    99.68678774600149,
  ],
  Array [
    101.78166972445867,
    100.90763767556103,
  ],
  Array [
    100.90763767556103,
    101.78166972445867,
  ],
  Array [
    99.68678774600149,
    101.97503335727221,
  ],
  Array [
    77.5365266900354,
    79.95981767967498,
  ],
  Array [
    29.633209897020006,
    32.461637021766194,
  ],
  Array [
    29.42938947064321,
    29.871852954808155,
  ],
  Array [
    31.955404458872195,
    29.26541041101637,
  ],
  Array [
    32.94953649198341,
    31.665457448143,
  ],
  Array [
    30.73455452931264,
    33.02280014058338,
  ],
  Array [
    29.0474234593931,
    31.047423459393098,
  ],
  Array [
    30.734554529312643,
    29.07204677820283,
  ],
  Array [
    79.95981767967498,
    77.5365266900354,
  ],
  Array [
    101.97503335727221,
    99.68678774600149,
  ],
  Array [
    101.78166972445867,
    100.90763767556103,
  ],
  Array [
    100.90763767556103,
    101.78166972445867,
  ],
  Array [
    99.68678774600149,
    101.97503335727221,
  ],
  Array [
    98.58544311370885,
    101.41387023845503,
  ],
  Array [
    89.79669413530452,
    92.6251212600507,
  ],
  Array [
    27.33577690088374,
    30.16420402562993,
  ],
  Array [
    0.2429563517369946,
    4.132043648263005,
  ],
  Array [
    -1.9445436482630054,
    1.9445436482630054,
  ],
  Array [
    -2.4502679415180113,
    1.2484738742837533,
  ],
  Array [
    -2.7161429366366283,
    0.43019477886063484,
  ],
  Array [
    -2.7161429366366283,
    -0.43019477886063506,
  ],
  Array [
    -2.4502679415180113,
    -1.2484738742837531,
  ],
  Array [
    -1.9445436482630056,
    -1.9445436482630052,
  ],
  Array [
    -1.2484738742837536,
    -2.4502679415180113,
  ],
  Array [
    -0.43019477886063506,
    -2.7161429366366283,
  ],
  Array [
    0.4301947788606344,
    -2.7161429366366283,
  ],
  Array [
    1.2484738742837522,
    -2.4502679415180117,
  ],
  Array [
    1.9445436482630043,
    -1.9445436482630065,
  ],
]
`;

exports[`The algorithm. Removes any duplicates: stroke-points with duplicates removed 1`] = `
Array [
  Object {
    "distance": 0,
    "point": Array [
      0,
      0,
    ],
    "pressure": 0.5,
    "runningLength": 0,
    "vector": Array [
      0,
      0,
    ],
  },
  Object {
    "distance": 12.374368670764582,
    "point": Array [
      8.75,
      8.75,
    ],
    "pressure": 0.5,
    "runningLength": 12.374368670764582,
    "vector": Array [
      -0.7071067811865475,
      -0.7071067811865475,
    ],
  },
  Object {
    "distance": 1.5467960838455728,
    "point": Array [
      9.84375,
      9.84375,
    ],
    "pressure": 0.5,
    "runningLength": 13.921164754610155,
    "vector": Array [
      -0.7071067811865475,
      -0.7071067811865475,
    ],
  },
  Object {
    "distance": 0.1933495104806966,
    "point": Array [
      9.98046875,
      9.98046875,
    ],
    "pressure": 0.5,
    "runningLength": 14.114514265090852,
    "vector": Array [
      -0.7071067811865475,
      -0.7071067811865475,
    ],
  },
  Object {
    "distance": 0.024168688810087074,
    "point": Array [
      9.99755859375,
      9.99755859375,
    ],
    "pressure": 0.5,
    "runningLength": 14.13868295390094,
    "vector": Array [
      -0.7071067811865475,
      -0.7071067811865475,
    ],
  },
  Object {
    "distance": 0.0030210861012608843,
    "point": Array [
      9.99969482421875,
      9.99969482421875,
    ],
    "pressure": 0.5,
    "runningLength": 14.141704040002201,
    "vector": Array [
      -0.7071067811865475,
      -0.7071067811865475,
    ],
  },
  Object {
    "distance": 111.3696956726439,
    "point": Array [
      88.74996185302734,
      88.74996185302734,
    ],
    "pressure": 0.5,
    "runningLength": 125.5113997126461,
    "vector": Array [
      -0.7071067811865475,
      -0.7071067811865475,
    ],
  },
  Object {
    "distance": 13.921211959080487,
    "point": Array [
      98.59374523162842,
      98.59374523162842,
    ],
    "pressure": 0.5,
    "runningLength": 139.4326116717266,
    "vector": Array [
      -0.7071067811865475,
      -0.7071067811865475,
    ],
  },
  Object {
    "distance": 1.740151494885061,
    "point": Array [
      99.82421815395355,
      99.82421815395355,
    ],
    "pressure": 0.5,
    "runningLength": 141.17276316661165,
    "vector": Array [
      -0.7071067811865475,
      -0.7071067811865475,
    ],
  },
  Object {
    "distance": 0.21751893686063262,
    "point": Array [
      99.9780272692442,
      99.9780272692442,
    ],
    "pressure": 0.5,
    "runningLength": 141.3902821034723,
    "vector": Array [
      -0.7071067811865475,
      -0.7071067811865475,
    ],
  },
  Object {
    "distance": 0.027189867107579077,
    "point": Array [
      99.99725340865552,
      99.99725340865552,
    ],
    "pressure": 0.5,
    "runningLength": 141.41747197057987,
    "vector": Array [
      -0.7071067811865475,
      -0.7071067811865475,
    ],
  },
  Object {
    "distance": 0.0033987333884473846,
    "point": Array [
      99.99965667608194,
      99.99965667608194,
    ],
    "pressure": 0.5,
    "runningLength": 141.42087070396832,
    "vector": Array [
      -0.7071067811865475,
      -0.7071067811865475,
    ],
  },
  Object {
    "distance": 123.74326186597227,
    "point": Array [
      12.499957084510243,
      12.499957084510243,
    ],
    "pressure": 0.5,
    "runningLength": 265.1641325699406,
    "vector": Array [
      0.7071067811865475,
      0.7071067811865475,
    ],
  },
  Object {
    "distance": 15.467907733246534,
    "point": Array [
      1.5624946355637803,
      1.5624946355637803,
    ],
    "pressure": 0.5,
    "runningLength": 280.6320403031871,
    "vector": Array [
      0.7071067811865475,
      0.7071067811865475,
    ],
  },
]
`;

exports[`The algorithm. Solves a stroke with only one point. 1`] = `
Array [
  Array [
    1.1414213562373094,
    0.8585786437626904,
  ],
  Array [
    1.1975376681190275,
    0.9687131069919538,
  ],
  Array [
    1.1782013048376736,
    1.0907980999479092,
  ],
  Array [
    1.0907980999479094,
    1.1782013048376736,
  ],
  Array [
    0.9687131069919539,
    1.1975376681190275,
  ],
  Array [
    0.8585786437626906,
    1.1414213562373097,
  ],
  Array [
    0.8024623318809725,
    1.0312868930080463,
  ],
  Array [
    0.8217986951623264,
    0.9092019000520908,
  ],
  Array [
    0.9092019000520906,
    0.8217986951623265,
  ],
  Array [
    1.0312868930080459,
    0.8024623318809724,
  ],
  Array [
    1.1414213562373092,
    0.8585786437626903,
  ],
]
`;
